../Core/Src/main.c:77:6:HAL_TIM_PeriodElapsedCallback	24	static
../Core/Src/main.c:91:6:HAL_CAN_RxFifo0MsgPendingCallback	16	static
../Core/Src/main.c:116:5:main	8	static
../Core/Src/main.c:169:6:SystemClock_Config	88	static
../Core/Src/main.c:210:13:MX_CAN1_Init	8	static
../Core/Src/main.c:262:13:MX_CAN2_Init	8	static
../Core/Src/main.c:314:13:MX_TIM1_Init	80	static
../Core/Src/main.c:379:13:MX_TIM7_Init	16	static
../Core/Src/main.c:417:13:MX_GPIO_Init	48	static
../Core/Src/main.c:451:6:Error_Handler	8	static,ignoring_inline_asm
