../Core/Src/main.c:84:6:HAL_TIM_PeriodElapsedCallback	24	static
../Core/Src/main.c:99:6:HAL_CAN_RxFifo0MsgPendingCallback	16	static
../Core/Src/main.c:118:6:HAL_ADC_ConvCpltCallback	24	static
../Core/Src/main.c:139:5:main	8	static
../Core/Src/main.c:196:6:SystemClock_Config	88	static
../Core/Src/main.c:237:13:MX_ADC1_Init	24	static
../Core/Src/main.c:289:13:MX_CAN1_Init	8	static
../Core/Src/main.c:341:13:MX_CAN2_Init	8	static
../Core/Src/main.c:393:13:MX_TIM1_Init	80	static
../Core/Src/main.c:458:13:MX_TIM7_Init	16	static
../Core/Src/main.c:494:13:MX_DMA_Init	16	static
../Core/Src/main.c:512:13:MX_GPIO_Init	48	static
../Core/Src/main.c:546:6:Error_Handler	8	static,ignoring_inline_asm
