../Core/Src/stm32f4xx_it.c:74:6:NMI_Handler	4	static
../Core/Src/stm32f4xx_it.c:89:6:HardFault_Handler	4	static
../Core/Src/stm32f4xx_it.c:104:6:MemManage_Handler	4	static
../Core/Src/stm32f4xx_it.c:119:6:BusFault_Handler	4	static
../Core/Src/stm32f4xx_it.c:134:6:UsageFault_Handler	4	static
../Core/Src/stm32f4xx_it.c:149:6:SVC_Handler	4	static
../Core/Src/stm32f4xx_it.c:162:6:DebugMon_Handler	4	static
../Core/Src/stm32f4xx_it.c:175:6:PendSV_Handler	4	static
../Core/Src/stm32f4xx_it.c:188:6:SysTick_Handler	8	static
../Core/Src/stm32f4xx_it.c:209:6:RCC_IRQHandler	4	static
../Core/Src/stm32f4xx_it.c:222:6:ADC_IRQHandler	8	static
../Core/Src/stm32f4xx_it.c:236:6:CAN1_TX_IRQHandler	8	static
../Core/Src/stm32f4xx_it.c:250:6:CAN1_RX0_IRQHandler	8	static
../Core/Src/stm32f4xx_it.c:264:6:CAN1_RX1_IRQHandler	8	static
../Core/Src/stm32f4xx_it.c:278:6:CAN1_SCE_IRQHandler	8	static
../Core/Src/stm32f4xx_it.c:292:6:TIM1_BRK_TIM9_IRQHandler	8	static
../Core/Src/stm32f4xx_it.c:306:6:TIM1_UP_TIM10_IRQHandler	8	static
../Core/Src/stm32f4xx_it.c:320:6:TIM7_IRQHandler	8	static
../Core/Src/stm32f4xx_it.c:334:6:DMA2_Stream0_IRQHandler	8	static
../Core/Src/stm32f4xx_it.c:348:6:CAN2_TX_IRQHandler	8	static
../Core/Src/stm32f4xx_it.c:362:6:CAN2_RX0_IRQHandler	8	static
../Core/Src/stm32f4xx_it.c:376:6:CAN2_RX1_IRQHandler	8	static
../Core/Src/stm32f4xx_it.c:390:6:CAN2_SCE_IRQHandler	8	static
